[2026-10-05T22:07:02.426Z] GET /items
[2026-10-05T22:07:45.235Z] GET /items
[2026-10-05T22:08:00.043Z] GET /items/stats
[2026-10-05T22:08:20.686Z] GET /items/stats
[2026-10-05T22:08:43.429Z] GET /items/1
[2026-10-05T22:08:52.449Z] GET /items/1
[2026-10-05T22:09:17.520Z] GET /items/1/related
[2026-10-05T22:10:18.359Z] GET /items
[2026-10-05T22:10:29.207Z] POST /items
[2026-10-05T22:10:58.771Z] POST /items/bulk
[2026-10-05T22:11:22.575Z] POST /items/bulk
[2026-10-05T22:12:12.895Z] PUT /items/1
[2026-10-05T22:13:53.879Z] PATCH /items/1
[2026-10-05T22:14:40.133Z] DELETE /items/3
[2026-10-05T22:14:52.951Z] DELETE /items/3
[2026-10-05T22:15:23.632Z] POST /items
[2026-10-05T22:15:31.173Z] DELETE /items/8
[2026-10-05T22:16:01.089Z] DELETE /items
[2026-10-05T22:16:08.058Z] DELETE /items
[2026-10-05T22:17:43.536Z] GET /items/999
[2026-10-05T22:18:32.405Z] POST /items
[2026-10-05T22:18:43.557Z] POST /items
[2026-10-05T22:18:58.052Z] POST /items
[2026-10-05T22:25:35.075Z] DELETE /items/8
[2026-10-05T22:25:41.748Z] POST /items
[2026-10-05T22:25:51.946Z] DELETE /items/1
[2026-10-05T22:39:39.917Z] POST /items
[2026-10-05T22:39:57.294Z] GET /items/stats
[2026-10-05T22:39:57.368Z] GET /items
[2026-10-05T22:39:57.461Z] GET /items/1
